08:03:40 **** Incremental Build of configuration Debug for project f303default_mode ****
make -j4 all 
arm-none-eabi-gcc "../Core/Src/main.c" -mcpu=cortex-m4 -std=gnu11 -g3 -DUSE_HAL_DRIVER -DSTM32F303xC -DDEBUG -c -I../Core/Inc -I../Drivers/STM32F3xx_HAL_Driver/Inc -I../Drivers/STM32F3xx_HAL_Driver/Inc/Legacy -I../Drivers/CMSIS/Device/ST/STM32F3xx/Include -I../Drivers/CMSIS/Include -O0 -ffunction-sections -fdata-sections -Wall -fstack-usage -MMD -MP -MF"Core/Src/main.d" -MT"Core/Src/main.o" --specs=nano.specs -mfpu=fpv4-sp-d16 -mfloat-abi=hard -mthumb -o "Core/Src/main.o"
arm-none-eabi-gcc -o "f303default_mode.elf" @"objects.list"   -mcpu=cortex-m4 -T"C:\Users\User\Dropbox\rtmp\src\cpp\embedded\eworkbench\stm32cortex\f303\default_mode\STM32F303VCTX_FLASH.ld" --specs=nosys.specs -Wl,-Map="f303default_mode.map" -Wl,--gc-sections -static --specs=nano.specs -mfpu=fpv4-sp-d16 -mfloat-abi=hard -mthumb -Wl,--start-group -lc -lm -Wl,--end-group
Finished building target: f303default_mode.elf
 
arm-none-eabi-objdump -h -S  f303default_mode.elf  > "f303default_mode.list"
arm-none-eabi-objcopy  -O binary  f303default_mode.elf  "f303default_mode.bin"
arm-none-eabi-size   f303default_mode.elf 
   text	   data	    bss	    dec	    hex	filename
  10736	     20	   2492	  13248	   33c0	f303default_mode.elf
Finished building: default.size.stdout
 
Finished building: f303default_mode.bin
Finished building: f303default_mode.list
 
 

08:03:43 Build Finished. 0 errors, 0 warnings. (took 2s.630ms)

