17:34:02 **** Incremental Build of configuration Debug for project f303usb_hid ****
make -j4 all 
arm-none-eabi-gcc "../Core/Src/main.c" -mcpu=cortex-m4 -std=gnu11 -g3 -DUSE_HAL_DRIVER -DSTM32F303xC -DDEBUG -c -I../USB_DEVICE/App -I../USB_DEVICE/Target -I../Core/Inc -I../Drivers/STM32F3xx_HAL_Driver/Inc -I../Drivers/STM32F3xx_HAL_Driver/Inc/Legacy -I../Middlewares/ST/STM32_USB_Device_Library/Core/Inc -I../Middlewares/ST/STM32_USB_Device_Library/Class/HID/Inc -I../Drivers/CMSIS/Device/ST/STM32F3xx/Include -I../Drivers/CMSIS/Include -O0 -ffunction-sections -fdata-sections -Wall -fstack-usage -MMD -MP -MF"Core/Src/main.d" -MT"Core/Src/main.o" --specs=nano.specs -mfpu=fpv4-sp-d16 -mfloat-abi=hard -mthumb -o "Core/Src/main.o"
arm-none-eabi-gcc -o "f303usb_hid.elf" @"objects.list"   -mcpu=cortex-m4 -T"C:\Users\User\Dropbox\rtmp\src\cpp\embedded\eworkbench\stm32cortex\f303\usb_hid\STM32F303VCTX_FLASH.ld" --specs=nosys.specs -Wl,-Map="f303usb_hid.map" -Wl,--gc-sections -static --specs=nano.specs -mfpu=fpv4-sp-d16 -mfloat-abi=hard -mthumb -Wl,--start-group -lc -lm -Wl,--end-group
Finished building target: f303usb_hid.elf
 
arm-none-eabi-objdump -h -S  f303usb_hid.elf  > "f303usb_hid.list"
arm-none-eabi-objcopy  -O binary  f303usb_hid.elf  "f303usb_hid.bin"
arm-none-eabi-size   f303usb_hid.elf 
   text	   data	    bss	    dec	    hex	filename
  31288	    364	   3740	  35392	   8a40	f303usb_hid.elf
Finished building: default.size.stdout
 
Finished building: f303usb_hid.bin
 
Finished building: f303usb_hid.list
 

17:34:05 Build Finished. 0 errors, 0 warnings. (took 2s.666ms)

