15:47:20 **** Incremental Build of configuration Debug for project F303CubeC ****
make -j4 all 
arm-none-eabi-gcc "../Core/Src/main.c" -mcpu=cortex-m4 -std=gnu11 -g3 -DUSE_HAL_DRIVER -DSTM32F303xC -DDEBUG -c -I../Core/Inc -I../Drivers/STM32F3xx_HAL_Driver/Inc -I../Drivers/STM32F3xx_HAL_Driver/Inc/Legacy -I../Drivers/CMSIS/Device/ST/STM32F3xx/Include -I../Drivers/CMSIS/Include -O0 -ffunction-sections -fdata-sections -Wall -fstack-usage -MMD -MP -MF"Core/Src/main.d" -MT"Core/Src/main.o" --specs=nano.specs -mfpu=fpv4-sp-d16 -mfloat-abi=hard -mthumb -o "Core/Src/main.o"
../Core/Src/main.c:66:3: warning: "/*" within comment [-Wcomment]
   /* USER CODE BEGIN 1 */
    
../Core/Src/main.c:75:3: warning: "/*" within comment [-Wcomment]
   /* USER CODE BEGIN Init */
    
../Core/Src/main.c:82:3: warning: "/*" within comment [-Wcomment]
   /* USER CODE BEGIN SysInit */
    
../Core/Src/main.c:88:3: warning: "/*" within comment [-Wcomment]
   /* USER CODE BEGIN 2 */
    
../Core/Src/main.c:96:5: warning: "/*" within comment [-Wcomment]
     /* USER CODE END WHILE */
      
../Core/Src/main.c:100:3: warning: "/*" within comment [-Wcomment]
   /* USER CODE END 3 *\/
    
../Core/Src/main.c:103:1: warning: "/*" within comment [-Wcomment]
 /**
  
../Core/Src/main.c:149:3: warning: "/*" within comment [-Wcomment]
   /* GPIO Ports Clock Enable *\/
    
../Core/Src/main.c:156:3: warning: "/*" within comment [-Wcomment]
   /*Configure GPIO pin Output Level *\/
    
../Core/Src/main.c:161:3: warning: "/*" within comment [-Wcomment]
   /*Configure GPIO pins : DRDY_Pin MEMS_INT3_Pin MEMS_INT4_Pin MEMS_INT1_Pin
    
../Core/Src/main.c:169:3: warning: "/*" within comment [-Wcomment]
   /*Configure GPIO pins : CS_I2C_SPI_Pin LD4_Pin LD3_Pin LD5_Pin
    
../Core/Src/main.c:180:3: warning: "/*" within comment [-Wcomment]
   /*Configure GPIO pin : B1_Pin *\/
    
../Core/Src/main.c:186:3: warning: "/*" within comment [-Wcomment]
   /*Configure GPIO pins : SPI1_SCK_Pin SPI1_MISO_Pin SPI1_MISOA7_Pin *\/
    
../Core/Src/main.c:194:3: warning: "/*" within comment [-Wcomment]
   /*Configure GPIO pins : DM_Pin DP_Pin *\/
    
../Core/Src/main.c:202:3: warning: "/*" within comment [-Wcomment]
   /*Configure GPIO pins : I2C1_SCL_Pin I2C1_SDA_Pin *\/
    
../Core/Src/main.c:212:1: warning: "/*" within comment [-Wcomment]
 /* USER CODE BEGIN 4 */
  
../Core/Src/main.c:232:4: warning: #warning "FPU is not initialized, but the project is compiling for an FPU. Please initialize the FPU before use." [-Wcpp]
   #warning "FPU is not initialized, but the project is compiling for an FPU. Please initialize the FPU before use."
    ^~~~~~~
../Core/Src/main.c:50:13: warning: 'MX_GPIO_Init' declared 'static' but never defined [-Wunused-function]
 static void MX_GPIO_Init(void);
             ^~~~~~~~~~~~
arm-none-eabi-gcc -o "F303CubeC.elf" @"objects.list"   -mcpu=cortex-m4 -T"C:\Users\User\Dropbox\rtmp\src\rust\cpp2\F303CubeC\STM32F303VCTX_FLASH.ld" --specs=nosys.specs -Wl,-Map="F303CubeC.map" -Wl,--gc-sections -static --specs=nano.specs -mfpu=fpv4-sp-d16 -mfloat-abi=hard -mthumb -Wl,--start-group -lc -lm -Wl,--end-group
Finished building target: F303CubeC.elf
 
arm-none-eabi-objdump -h -S  F303CubeC.elf  > "F303CubeC.list"
arm-none-eabi-objcopy  -O binary  F303CubeC.elf  "F303CubeC.bin"
arm-none-eabi-size   F303CubeC.elf 
   text	   data	    bss	    dec	    hex	filename
   6400	     20	   1572	   7992	   1f38	F303CubeC.elf
Finished building: default.size.stdout
 
Finished building: F303CubeC.bin
Finished building: F303CubeC.list
 
 
15:47:27 **** Incremental Build of configuration Debug for project F303CubeC ****
make -j4 all 
arm-none-eabi-size   F303CubeC.elf 
   text	   data	    bss	    dec	    hex	filename
   6400	     20	   1572	   7992	   1f38	F303CubeC.elf
Finished building: default.size.stdout
 
15:48:03 **** Incremental Build of configuration Debug for project f303default_mode ****
make -j4 all 
arm-none-eabi-size   f303default_mode.elf 
   text	   data	    bss	    dec	    hex	filename
  10736	     20	   2492	  13248	   33c0	f303default_mode.elf
Finished building: default.size.stdout
 
15:50:25 **** Incremental Build of configuration Debug for project f303default_mode ****
make -j4 all 
arm-none-eabi-gcc "../Core/Src/main.c" -mcpu=cortex-m4 -std=gnu11 -g3 -DUSE_HAL_DRIVER -DSTM32F303xC -DDEBUG -c -I../Core/Inc -I../Drivers/STM32F3xx_HAL_Driver/Inc -I../Drivers/STM32F3xx_HAL_Driver/Inc/Legacy -I../Drivers/CMSIS/Device/ST/STM32F3xx/Include -I../Drivers/CMSIS/Include -O0 -ffunction-sections -fdata-sections -Wall -fstack-usage -MMD -MP -MF"Core/Src/main.d" -MT"Core/Src/main.o" --specs=nano.specs -mfpu=fpv4-sp-d16 -mfloat-abi=hard -mthumb -o "Core/Src/main.o"
arm-none-eabi-gcc -o "f303default_mode.elf" @"objects.list"   -mcpu=cortex-m4 -T"C:\Users\User\Dropbox\rtmp\src\cpp\embedded\eworkbench\stm32cortex\f303\default_mode\STM32F303VCTX_FLASH.ld" --specs=nosys.specs -Wl,-Map="f303default_mode.map" -Wl,--gc-sections -static --specs=nano.specs -mfpu=fpv4-sp-d16 -mfloat-abi=hard -mthumb -Wl,--start-group -lc -lm -Wl,--end-group
Finished building target: f303default_mode.elf
 
arm-none-eabi-objdump -h -S  f303default_mode.elf  > "f303default_mode.list"
arm-none-eabi-objcopy  -O binary  f303default_mode.elf  "f303default_mode.bin"
arm-none-eabi-size   f303default_mode.elf 
   text	   data	    bss	    dec	    hex	filename
  10748	     20	   2492	  13260	   33cc	f303default_mode.elf
Finished building: default.size.stdout
 
Finished building: f303default_mode.bin
 
Finished building: f303default_mode.list
 
15:53:50 **** Incremental Build of configuration Debug for project f303default_mode ****
make -j4 all 
arm-none-eabi-gcc "../Core/Src/main.c" -mcpu=cortex-m4 -std=gnu11 -g3 -DUSE_HAL_DRIVER -DSTM32F303xC -DDEBUG -c -I../Core/Inc -I../Drivers/STM32F3xx_HAL_Driver/Inc -I../Drivers/STM32F3xx_HAL_Driver/Inc/Legacy -I../Drivers/CMSIS/Device/ST/STM32F3xx/Include -I../Drivers/CMSIS/Include -O0 -ffunction-sections -fdata-sections -Wall -fstack-usage -MMD -MP -MF"Core/Src/main.d" -MT"Core/Src/main.o" --specs=nano.specs -mfpu=fpv4-sp-d16 -mfloat-abi=hard -mthumb -o "Core/Src/main.o"
arm-none-eabi-gcc -o "f303default_mode.elf" @"objects.list"   -mcpu=cortex-m4 -T"C:\Users\User\Dropbox\rtmp\src\cpp\embedded\eworkbench\stm32cortex\f303\default_mode\STM32F303VCTX_FLASH.ld" --specs=nosys.specs -Wl,-Map="f303default_mode.map" -Wl,--gc-sections -static --specs=nano.specs -mfpu=fpv4-sp-d16 -mfloat-abi=hard -mthumb -Wl,--start-group -lc -lm -Wl,--end-group
Finished building target: f303default_mode.elf
 
arm-none-eabi-objdump -h -S  f303default_mode.elf  > "f303default_mode.list"
arm-none-eabi-objcopy  -O binary  f303default_mode.elf  "f303default_mode.bin"
arm-none-eabi-size   f303default_mode.elf 
   text	   data	    bss	    dec	    hex	filename
  10748	     20	   2492	  13260	   33cc	f303default_mode.elf
Finished building: default.size.stdout
 
Finished building: f303default_mode.bin
Finished building: f303default_mode.list
 
 
15:55:12 **** Incremental Build of configuration Debug for project f303default_mode ****
make -j4 all 
arm-none-eabi-gcc "../Core/Src/main.c" -mcpu=cortex-m4 -std=gnu11 -g3 -DUSE_HAL_DRIVER -DSTM32F303xC -DDEBUG -c -I../Core/Inc -I../Drivers/STM32F3xx_HAL_Driver/Inc -I../Drivers/STM32F3xx_HAL_Driver/Inc/Legacy -I../Drivers/CMSIS/Device/ST/STM32F3xx/Include -I../Drivers/CMSIS/Include -O0 -ffunction-sections -fdata-sections -Wall -fstack-usage -MMD -MP -MF"Core/Src/main.d" -MT"Core/Src/main.o" --specs=nano.specs -mfpu=fpv4-sp-d16 -mfloat-abi=hard -mthumb -o "Core/Src/main.o"
arm-none-eabi-gcc -o "f303default_mode.elf" @"objects.list"   -mcpu=cortex-m4 -T"C:\Users\User\Dropbox\rtmp\src\cpp\embedded\eworkbench\stm32cortex\f303\default_mode\STM32F303VCTX_FLASH.ld" --specs=nosys.specs -Wl,-Map="f303default_mode.map" -Wl,--gc-sections -static --specs=nano.specs -mfpu=fpv4-sp-d16 -mfloat-abi=hard -mthumb -Wl,--start-group -lc -lm -Wl,--end-group
Finished building target: f303default_mode.elf
 
arm-none-eabi-objdump -h -S  f303default_mode.elf  > "f303default_mode.list"
arm-none-eabi-objcopy  -O binary  f303default_mode.elf  "f303default_mode.bin"
arm-none-eabi-size   f303default_mode.elf 
   text	   data	    bss	    dec	    hex	filename
  10612	     20	   2492	  13124	   3344	f303default_mode.elf
Finished building: default.size.stdout
 
Finished building: f303default_mode.bin
 
Finished building: f303default_mode.list
 
15:55:53 **** Incremental Build of configuration Debug for project f303default_mode ****
make -j4 all 
arm-none-eabi-gcc "../Core/Src/main.c" -mcpu=cortex-m4 -std=gnu11 -g3 -DUSE_HAL_DRIVER -DSTM32F303xC -DDEBUG -c -I../Core/Inc -I../Drivers/STM32F3xx_HAL_Driver/Inc -I../Drivers/STM32F3xx_HAL_Driver/Inc/Legacy -I../Drivers/CMSIS/Device/ST/STM32F3xx/Include -I../Drivers/CMSIS/Include -O0 -ffunction-sections -fdata-sections -Wall -fstack-usage -MMD -MP -MF"Core/Src/main.d" -MT"Core/Src/main.o" --specs=nano.specs -mfpu=fpv4-sp-d16 -mfloat-abi=hard -mthumb -o "Core/Src/main.o"
arm-none-eabi-gcc -o "f303default_mode.elf" @"objects.list"   -mcpu=cortex-m4 -T"C:\Users\User\Dropbox\rtmp\src\cpp\embedded\eworkbench\stm32cortex\f303\default_mode\STM32F303VCTX_FLASH.ld" --specs=nosys.specs -Wl,-Map="f303default_mode.map" -Wl,--gc-sections -static --specs=nano.specs -mfpu=fpv4-sp-d16 -mfloat-abi=hard -mthumb -Wl,--start-group -lc -lm -Wl,--end-group
Finished building target: f303default_mode.elf
 
arm-none-eabi-objdump -h -S  f303default_mode.elf  > "f303default_mode.list"
arm-none-eabi-objcopy  -O binary  f303default_mode.elf  "f303default_mode.bin"
arm-none-eabi-size   f303default_mode.elf 
   text	   data	    bss	    dec	    hex	filename
  10612	     20	   2492	  13124	   3344	f303default_mode.elf
Finished building: default.size.stdout
 
Finished building: f303default_mode.bin
 
Finished building: f303default_mode.list
 
16:14:05 **** Incremental Build of configuration Debug for project F303CppEmpty ****
make -j4 all 
arm-none-eabi-gcc "../Src/main.c" -mcpu=cortex-m4 -std=gnu11 -g3 -DSTM32F303VCTx -DSTM32 -DSTM32F3 -DSTM32F3DISCOVERY -DDEBUG -c -I../Inc -I"C:/Users/User/STM32Cube/Repository/STM32Cube_FW_F3_V1.11.2/Drivers/CMSIS/Core/Include" -I"C:/Users/User/STM32Cube/Repository/STM32Cube_FW_F3_V1.11.2/Drivers/CMSIS/Device/ST/STM32F3xx/Include" -I"C:/Users/User/STM32Cube/Repository/STM32Cube_FW_F3_V1.11.2/Drivers/STM32F3xx_HAL_Driver/Inc" -I"C:/Users/User/STM32Cube/Repository/STM32Cube_FW_F3_V1.11.2/Drivers/STM32F3xx_HAL_Driver/Inc/Legacy" -O0 -ffunction-sections -fdata-sections -Wall -fstack-usage -MMD -MP -MF"Src/main.d" -MT"Src/main.o" --specs=nano.specs -mfpu=fpv4-sp-d16 -mfloat-abi=hard -mthumb -o "Src/main.o"
../Src/main.c:24:4: warning: #warning "FPU is not initialized, but the project is compiling for an FPU. Please initialize the FPU before use." [-Wcpp]
   #warning "FPU is not initialized, but the project is compiling for an FPU. Please initialize the FPU before use."
    ^~~~~~~
arm-none-eabi-g++ -o "F303CppEmpty.elf" @"objects.list"   -mcpu=cortex-m4 -T"C:\Users\User\Dropbox\rtmp\src\rust\cpp2\F303CppEmpty\STM32F303VCTX_FLASH.ld" --specs=nosys.specs -Wl,-Map="F303CppEmpty.map" -Wl,--gc-sections -static --specs=nano.specs -mfpu=fpv4-sp-d16 -mfloat-abi=hard -mthumb -Wl,--start-group -lc -lm -lstdc++ -lsupc++ -Wl,--end-group
Finished building target: F303CppEmpty.elf
 
arm-none-eabi-objdump -h -S  F303CppEmpty.elf  > "F303CppEmpty.list"
arm-none-eabi-objcopy  -O binary  F303CppEmpty.elf  "F303CppEmpty.bin"
arm-none-eabi-size   F303CppEmpty.elf 
   text	   data	    bss	    dec	    hex	filename
    776	      8	   1568	   2352	    930	F303CppEmpty.elf
Finished building: default.size.stdout
Finished building: F303CppEmpty.list
 
Finished building: F303CppEmpty.bin
 
 
16:14:40 **** Incremental Build of configuration Debug for project F303CppEmpty ****
make -j4 all 
arm-none-eabi-gcc "../Src/main.c" -mcpu=cortex-m4 -std=gnu11 -g3 -DSTM32F303VCTx -DSTM32 -DSTM32F3 -DSTM32F3DISCOVERY -DDEBUG -c -I../Inc -I"C:/Users/User/STM32Cube/Repository/STM32Cube_FW_F3_V1.11.2/Drivers/CMSIS/Core/Include" -I"C:/Users/User/STM32Cube/Repository/STM32Cube_FW_F3_V1.11.2/Drivers/CMSIS/Device/ST/STM32F3xx/Include" -I"C:/Users/User/STM32Cube/Repository/STM32Cube_FW_F3_V1.11.2/Drivers/STM32F3xx_HAL_Driver/Inc" -I"C:/Users/User/STM32Cube/Repository/STM32Cube_FW_F3_V1.11.2/Drivers/STM32F3xx_HAL_Driver/Inc/Legacy" -O0 -ffunction-sections -fdata-sections -Wall -fstack-usage -MMD -MP -MF"Src/main.d" -MT"Src/main.o" --specs=nano.specs -mfpu=fpv4-sp-d16 -mfloat-abi=hard -mthumb -o "Src/main.o"
../Src/main.c:24:4: warning: #warning "FPU is not initialized, but the project is compiling for an FPU. Please initialize the FPU before use." [-Wcpp]
   #warning "FPU is not initialized, but the project is compiling for an FPU. Please initialize the FPU before use."
    ^~~~~~~
arm-none-eabi-g++ -o "F303CppEmpty.elf" @"objects.list"   -mcpu=cortex-m4 -T"C:\Users\User\Dropbox\rtmp\src\rust\cpp2\F303CppEmpty\STM32F303VCTX_FLASH.ld" --specs=nosys.specs -Wl,-Map="F303CppEmpty.map" -Wl,--gc-sections -static --specs=nano.specs -mfpu=fpv4-sp-d16 -mfloat-abi=hard -mthumb -Wl,--start-group -lc -lm -lstdc++ -lsupc++ -Wl,--end-group
Finished building target: F303CppEmpty.elf
 
arm-none-eabi-objdump -h -S  F303CppEmpty.elf  > "F303CppEmpty.list"
arm-none-eabi-objcopy  -O binary  F303CppEmpty.elf  "F303CppEmpty.bin"
arm-none-eabi-size   F303CppEmpty.elf 
   text	   data	    bss	    dec	    hex	filename
    776	      8	   1568	   2352	    930	F303CppEmpty.elf
Finished building: default.size.stdout
Finished building: F303CppEmpty.list
Finished building: F303CppEmpty.bin
 
 
 
16:15:18 **** Incremental Build of configuration Debug for project F303CppEmpty ****
make -j4 all 
arm-none-eabi-gcc "../Src/main.c" -mcpu=cortex-m4 -std=gnu11 -g3 -DSTM32F303VCTx -DSTM32 -DSTM32F3 -DSTM32F3DISCOVERY -DDEBUG -c -I../Inc -I"C:/Users/User/STM32Cube/Repository/STM32Cube_FW_F3_V1.11.2/Drivers/CMSIS/Core/Include" -I"C:/Users/User/STM32Cube/Repository/STM32Cube_FW_F3_V1.11.2/Drivers/CMSIS/Device/ST/STM32F3xx/Include" -I"C:/Users/User/STM32Cube/Repository/STM32Cube_FW_F3_V1.11.2/Drivers/STM32F3xx_HAL_Driver/Inc" -I"C:/Users/User/STM32Cube/Repository/STM32Cube_FW_F3_V1.11.2/Drivers/STM32F3xx_HAL_Driver/Inc/Legacy" -O0 -ffunction-sections -fdata-sections -Wall -fstack-usage -MMD -MP -MF"Src/main.d" -MT"Src/main.o" --specs=nano.specs -mfpu=fpv4-sp-d16 -mfloat-abi=hard -mthumb -o "Src/main.o"
../Src/main.c:24:4: warning: #warning "FPU is not initialized, but the project is compiling for an FPU. Please initialize the FPU before use." [-Wcpp]
   #warning "FPU is not initialized, but the project is compiling for an FPU. Please initialize the FPU before use."
    ^~~~~~~
arm-none-eabi-g++ -o "F303CppEmpty.elf" @"objects.list"   -mcpu=cortex-m4 -T"C:\Users\User\Dropbox\rtmp\src\rust\cpp2\F303CppEmpty\STM32F303VCTX_FLASH.ld" --specs=nosys.specs -Wl,-Map="F303CppEmpty.map" -Wl,--gc-sections -static --specs=nano.specs -mfpu=fpv4-sp-d16 -mfloat-abi=hard -mthumb -Wl,--start-group -lc -lm -lstdc++ -lsupc++ -Wl,--end-group
Finished building target: F303CppEmpty.elf
 
arm-none-eabi-objdump -h -S  F303CppEmpty.elf  > "F303CppEmpty.list"
arm-none-eabi-objcopy  -O binary  F303CppEmpty.elf  "F303CppEmpty.bin"
arm-none-eabi-size   F303CppEmpty.elf 
   text	   data	    bss	    dec	    hex	filename
    776	      8	   1568	   2352	    930	F303CppEmpty.elf
Finished building: default.size.stdout
 
Finished building: F303CppEmpty.bin
Finished building: F303CppEmpty.list
 
 
